// Vitest Snapshot v1, https://vitest.dev/guide/snapshot.html

exports[`StationsForm > форма открыта и конфигурация элементов формы соответсвует требованиям макета 1`] = `
<div
  class="ant-modal-root css-dev-only-do-not-override-1qhpsh8"
  data-testid="testForm"
>
  <div
    class="ant-modal-mask"
  />
  <div
    class="ant-modal-wrap"
    tabindex="-1"
  >
    <div
      aria-labelledby="test-id"
      aria-modal="true"
      class="ant-modal css-dev-only-do-not-override-1qhpsh8 ant-zoom-appear ant-zoom-appear-prepare ant-zoom"
      role="dialog"
      style="width: 500px;"
    >
      <div
        aria-hidden="true"
        style="width: 0px; height: 0px; overflow: hidden; outline: none;"
        tabindex="0"
      />
      <div
        class="ant-modal-content"
      >
        <button
          aria-label="Close"
          class="ant-modal-close"
          type="button"
        >
          <span
            class="ant-modal-close-x"
          >
            <span
              aria-label="close"
              class="anticon anticon-close ant-modal-close-icon"
              role="img"
            >
              <svg
                aria-hidden="true"
                data-icon="close"
                fill="currentColor"
                fill-rule="evenodd"
                focusable="false"
                height="1em"
                viewBox="64 64 896 896"
                width="1em"
              >
                <path
                  d="M799.86 166.31c.02 0 .04.02.08.06l57.69 57.7c.04.03.05.05.06.08a.12.12 0 010 .06c0 .03-.02.05-.06.09L569.93 512l287.7 287.7c.04.04.05.06.06.09a.12.12 0 010 .07c0 .02-.02.04-.06.08l-57.7 57.69c-.03.04-.05.05-.07.06a.12.12 0 01-.07 0c-.03 0-.05-.02-.09-.06L512 569.93l-287.7 287.7c-.04.04-.06.05-.09.06a.12.12 0 01-.07 0c-.02 0-.04-.02-.08-.06l-57.69-57.7c-.04-.03-.05-.05-.06-.07a.12.12 0 010-.07c0-.03.02-.05.06-.09L454.07 512l-287.7-287.7c-.04-.04-.05-.06-.06-.09a.12.12 0 010-.07c0-.02.02-.04.06-.08l57.7-57.69c.03-.04.05-.05.07-.06a.12.12 0 01.07 0c.03 0 .05.02.09.06L512 454.07l287.7-287.7c.04-.04.06-.05.09-.06a.12.12 0 01.07 0z"
                />
              </svg>
            </span>
          </span>
        </button>
        <div
          class="ant-modal-header"
        >
          <div
            class="ant-modal-title"
            id="test-id"
          >
            Редактирование элемента справочника
          </div>
        </div>
        <div
          class="ant-modal-body"
        >
          <form
            autocomplete="off"
            class="ant-form ant-form-vertical ant-form-middle css-dev-only-do-not-override-1qhpsh8"
          >
            <div
              class="ant-flex css-dev-only-do-not-override-1qhpsh8 ant-flex-wrap-wrap ant-flex-align-stretch ant-flex-gap-middle ant-flex-vertical"
            >
              <div
                class="ant-form-item css-dev-only-do-not-override-1qhpsh8"
                style="margin: 0px;"
              >
                <div
                  class="ant-row ant-form-item-row css-dev-only-do-not-override-1qhpsh8"
                >
                  <div
                    class="ant-col ant-form-item-label ant-form-item-label-left ant-form-item-label-wrap css-dev-only-do-not-override-1qhpsh8"
                  >
                    <label
                      class="ant-form-item-required ant-form-item-no-colon"
                      for="code_name"
                      title="Код станции"
                    >
                      Код станции
                    </label>
                  </div>
                  <div
                    class="ant-col ant-form-item-control css-dev-only-do-not-override-1qhpsh8"
                  >
                    <div
                      class="ant-form-item-control-input"
                    >
                      <div
                        class="ant-form-item-control-input-content"
                      >
                        <textarea
                          aria-required="true"
                          class="ant-input css-dev-only-do-not-override-1qhpsh8 ant-input-outlined"
                          id="code_name"
                          placeholder="Введите значение"
                          style="resize: none; height: 2px;"
                        />
                      </div>
                    </div>
                  </div>
                </div>
              </div>
              <div
                class="ant-form-item css-dev-only-do-not-override-1qhpsh8"
                style="margin: 0px;"
              >
                <div
                  class="ant-row ant-form-item-row css-dev-only-do-not-override-1qhpsh8"
                >
                  <div
                    class="ant-col ant-form-item-label ant-form-item-label-left ant-form-item-label-wrap css-dev-only-do-not-override-1qhpsh8"
                  >
                    <label
                      class="ant-form-item-required ant-form-item-no-colon"
                      for="full_name"
                      title="Название станции"
                    >
                      Название станции
                    </label>
                  </div>
                  <div
                    class="ant-col ant-form-item-control css-dev-only-do-not-override-1qhpsh8"
                  >
                    <div
                      class="ant-form-item-control-input"
                    >
                      <div
                        class="ant-form-item-control-input-content"
                      >
                        <textarea
                          aria-required="true"
                          class="ant-input css-dev-only-do-not-override-1qhpsh8 ant-input-outlined"
                          id="full_name"
                          placeholder="Введите значение"
                          style="resize: none; height: 2px;"
                        />
                      </div>
                    </div>
                  </div>
                </div>
              </div>
              <div
                class="ant-form-item css-dev-only-do-not-override-1qhpsh8"
                style="margin: 0px;"
              >
                <div
                  class="ant-row ant-form-item-row css-dev-only-do-not-override-1qhpsh8"
                >
                  <div
                    class="ant-col ant-form-item-label ant-form-item-label-left ant-form-item-label-wrap css-dev-only-do-not-override-1qhpsh8"
                  >
                    <label
                      class="ant-form-item-no-colon"
                      for="description"
                      title="Описание"
                    >
                      Описание
                    </label>
                  </div>
                  <div
                    class="ant-col ant-form-item-control css-dev-only-do-not-override-1qhpsh8"
                  >
                    <div
                      class="ant-form-item-control-input"
                    >
                      <div
                        class="ant-form-item-control-input-content"
                      >
                        <textarea
                          class="ant-input css-dev-only-do-not-override-1qhpsh8 ant-input-outlined"
                          id="description"
                          placeholder="Введите значение"
                          style="resize: none; height: 2px;"
                        />
                      </div>
                    </div>
                  </div>
                </div>
              </div>
              <div
                class="ant-form-item css-dev-only-do-not-override-1qhpsh8 ant-form-item-has-success"
                style="margin: 0px;"
              >
                <div
                  class="ant-row ant-form-item-row css-dev-only-do-not-override-1qhpsh8"
                  value="false"
                >
                  <div
                    class="ant-col ant-form-item-control css-dev-only-do-not-override-1qhpsh8"
                  >
                    <div
                      class="ant-form-item-control-input"
                    >
                      <div
                        class="ant-form-item-control-input-content"
                      >
                        <label
                          class="ant-checkbox-wrapper ant-checkbox-wrapper-in-form-item css-dev-only-do-not-override-1qhpsh8"
                        >
                          <span
                            class="ant-checkbox ant-wave-target css-dev-only-do-not-override-1qhpsh8"
                          >
                            <input
                              class="ant-checkbox-input"
                              data-testid="CreateNodeElementsCheckBox"
                              defaultcheckboxtext="Активный"
                              id="is_active"
                              type="checkbox"
                            />
                            <span
                              class="ant-checkbox-inner"
                            />
                          </span>
                          <span>
                            <span>
                              Активный
                            </span>
                          </span>
                        </label>
                      </div>
                    </div>
                  </div>
                </div>
              </div>
            </div>
          </form>
        </div>
        <div
          class="ant-modal-footer"
        >
          <button
            class="ant-btn css-dev-only-do-not-override-1qhpsh8 ant-btn-default"
            type="button"
          >
            <span>
              Отмена
            </span>
          </button>
          <button
            class="ant-btn css-dev-only-do-not-override-1qhpsh8 ant-btn-primary"
            type="button"
          >
            <span>
              Сохранить
            </span>
          </button>
        </div>
      </div>
      <div
        aria-hidden="true"
        style="width: 0px; height: 0px; overflow: hidden; outline: none;"
        tabindex="0"
      />
    </div>
  </div>
</div>
`;
